
> finman@0.1.0 build
> next build

node.exe : ΓÜá 
Warning: Next.js 
inferred your 
workspace root, but 
it may not be correct.
At line:1 char:1
+ & "C:\Program Files\
nodejs/node.exe" 
"C:\Program 
Files\nodejs/node_mo 
...
+ ~~~~~~~~~~~~~~~~~~~~
~~~~~~~~~~~~~~~~~~~~~~
~~~~~~~~~~~~~~~~~~~~~~
~~~~~
    + CategoryInfo    
          : NotSpeci  
  fied: (ΓÜá Warnin   
 g: Ne...not be co    
rrect.:String) []    
, RemoteException
    + FullyQualifiedE 
   rrorId : NativeCo  
  mmandError
 
 We detected multiple 
lockfiles and 
selected the 
directory of C:\Users\
amitk\package-lock.jso
n as the root 
directory.
 To silence this 
warning, set 
`turbopack.root` in 
your Next.js config, 
or consider removing 
one of the lockfiles 
if it's not needed.
   See https://nextjs.
org/docs/app/api-refer
ence/config/next-confi
g-js/turbopack#root-di
rectory for more 
information.
 Detected additional 
lockfiles: 
   * C:\Users\amitk\On
eDrive\Desktop\FINMAN\
package-lock.json

Γû▓ Next.js 16.1.2 (Turbopack)

  Creating an optimized production build ...
(node:14764) [MODULE_T
YPELESS_PACKAGE_JSON] 
Warning: Module type 
of file:///C:/Users/am
itk/OneDrive/Desktop/F
INMAN/tailwind.config.
ts?id=1768889210270 
is not specified and 
it doesn't parse as 
CommonJS.
Reparsing as ES 
module because module 
syntax was detected. 
This incurs a 
performance overhead.
To eliminate this 
warning, add "type": 
"module" to C:\Users\a
mitk\OneDrive\Desktop\
FINMAN\package.json.
(Use `node 
--trace-warnings ...` 
to show where the 
warning was created)

> Build error occurred
Error: Turbopack 
build failed with 1 
errors:
./OneDrive/Desktop/FIN
MAN/components/Transac
tionsTable.tsx:1:17
Ecmascript file had 
an error
[0m[31m[1m>[22m[3
9m[90m 1 |[39m 
[36mimport[39m [33m
React[39m[33m,[39m 
{ useState } 
[36mfrom[39m 
[32m'react'[39m
 [90m   |[39m       
          [31m[1m^[
22m[39m[31m[1m^[22
m[39m[31m[1m^[22m
[39m[31m[1m^[22m[3
9m[31m[1m^[22m[39m
[31m[1m^[22m[39m[
31m[1m^[22m[39m[31
m[1m^[22m[39m
 [90m 2 |[39m 
[36mimport[39m { 
[33mInput[39m } 
[36mfrom[39m [32m"@
/components/ui/input"
[39m
 [90m 3 |[39m 
[36mimport[39m 
[33mPagination[39m 
[36mfrom[39m [32m"@
/components/ui/paginat
ion"[39m
 [90m 4 |[39m[0m

You're importing a 
component that needs 
`useState`. This 
React Hook only works 
in a Client 
Component. To fix, 
mark the file (or its 
parent) with the 
`"use client"` 
directive.

 Learn more: https://n
extjs.org/docs/app/api
-reference/directives/
use-client



Import traces:
  Server Component:
    ./OneDrive/Desktop
/FINMAN/components/Tra
nsactionsTable.tsx
    ./OneDrive/Desktop
/FINMAN/components/Rec
entTransactions.tsx
    ./OneDrive/Desktop
/FINMAN/app/(root)/tra
nsaction-history/page.
tsx

  Client Component 
Browser:
    ./OneDrive/Desktop
/FINMAN/components/Tra
nsactionsTable.tsx 
[Client Component 
Browser]
    ./OneDrive/Desktop
/FINMAN/components/Rec
entTransactions.tsx 
[Client Component 
Browser]
    ./OneDrive/Desktop
/FINMAN/app/(root)/pag
e.tsx [Client 
Component Browser]
    ./OneDrive/Desktop
/FINMAN/app/(root)/pag
e.tsx [Server 
Component]

  Client Component 
SSR:
    ./OneDrive/Desktop
/FINMAN/components/Tra
nsactionsTable.tsx 
[Client Component SSR]
    ./OneDrive/Desktop
/FINMAN/components/Rec
entTransactions.tsx 
[Client Component SSR]
    ./OneDrive/Desktop
/FINMAN/app/(root)/pag
e.tsx [Client 
Component SSR]
    ./OneDrive/Desktop
/FINMAN/app/(root)/pag
e.tsx [Server 
Component]


    at <unknown> (./On
eDrive/Desktop/FINMAN/
components/Transaction
sTable.tsx:1:17)
